Elixir

[aokayama@Okayama-no-MacBook-Air:kukunochi]$ mix local.hex
Found existing archive(s): hex-0.9.0.ez.
Are you sure you want to replace them? [Yn] y
* creating /Users/aokayama/.mix/archives/hex-0.10.0.ez

[aokayama@Okayama-no-MacBook-Air:kukunochi]$ mix archive install phoenix
* hex-0.10.0.ez
* phoenix_new-1.1.0.ez
Archives installed at: /Users/aokayama/.mix/archives

[aokayama@Okayama-no-MacBook-Air:kukunochi]$ ls
README.md

[aokayama@Okayama-no-MacBook-Air:kukunochi]$ mix phoenix.new kukunochi
* creating kukunochi/config/config.exs
* creating kukunochi/config/dev.exs
* creating kukunochi/config/prod.exs
* creating kukunochi/config/prod.secret.exs
* creating kukunochi/config/test.exs
* creating kukunochi/lib/kukunochi.ex
* creating kukunochi/lib/kukunochi/endpoint.ex
* creating kukunochi/test/views/error_view_test.exs
* creating kukunochi/test/support/conn_case.ex
* creating kukunochi/test/support/channel_case.ex
* creating kukunochi/test/test_helper.exs
* creating kukunochi/web/channels/user_socket.ex
* creating kukunochi/web/router.ex
* creating kukunochi/web/views/error_view.ex
* creating kukunochi/web/web.ex
* creating kukunochi/mix.exs
* creating kukunochi/README.md
* creating kukunochi/web/gettext.ex
* creating kukunochi/priv/gettext/errors.pot
* creating kukunochi/priv/gettext/en/LC_MESSAGES/errors.po
* creating kukunochi/lib/kukunochi/repo.ex
* creating kukunochi/test/support/model_case.ex
* creating kukunochi/priv/repo/seeds.exs
* creating kukunochi/.gitignore
* creating kukunochi/brunch-config.js
* creating kukunochi/package.json
* creating kukunochi/web/static/css/app.css
* creating kukunochi/web/static/js/app.js
* creating kukunochi/web/static/js/socket.js
* creating kukunochi/web/static/assets/robots.txt
* creating kukunochi/web/static/assets/images/phoenix.png
* creating kukunochi/web/static/assets/favicon.ico
* creating kukunochi/test/controllers/page_controller_test.exs
* creating kukunochi/test/views/layout_view_test.exs
* creating kukunochi/test/views/page_view_test.exs
* creating kukunochi/web/controllers/page_controller.ex
* creating kukunochi/web/templates/layout/app.html.eex
* creating kukunochi/web/templates/page/index.html.eex
* creating kukunochi/web/views/layout_view.ex
* creating kukunochi/web/views/page_view.ex
* creating kukunochi/web/views/error_helpers.ex

Fetch and install dependencies? [Yn] y
* running npm install && node node_modules/brunch/bin/brunch build
* running mix deps.get

We are all set! Run your Phoenix application:

    $ cd kukunochi
    $ mix phoenix.server

You can also run your app inside IEx (Interactive Elixir) as:

    $ iex -S mix phoenix.server

Before moving on, configure your database in config/dev.exs and run:

    $ mix ecto.create

[aokayama@Okayama-no-MacBook-Air:kukunochi]$ 



[aokayama@Okayama-no-MacBook-Air:kukunochi]$ grep -r ecto * | grep -v -e _build -e deps -e node_modules
README.md:  2. Create and migrate your database with `mix ecto.create && mix ecto.migrate`
lib/kukunochi/endpoint.ex:  # Serve at "/" the static files from "priv/static" directory.
mix.exs:                    :phoenix_ecto, :cqerl]]
mix.exs:     {:phoenix_ecto, "~> 2.0"},
mix.exs:  #     $ mix ecto.setup
mix.exs:    ["ecto.setup": ["ecto.create", "ecto.migrate", "run priv/repo/seeds.exs"],
mix.exs:     "ecto.reset": ["ecto.drop", "ecto.setup"]]
mix.lock:  "ecto": {:hex, :ecto, "1.1.3"},
mix.lock:  "phoenix_ecto": {:hex, :phoenix_ecto, "2.0.1"},
package.json:  "directories": {
test/test_helper.exs:Mix.Task.run "ecto.create", ["--quiet"]
test/test_helper.exs:Mix.Task.run "ecto.migrate", ["--quiet"]


mix phoenix.new kukunochi  --no-brunch --no-ecto --no-html
